// Vitest Snapshot v1, https://vitest.dev/guide/snapshot.html

exports[`route map — public table > matches the path list captured from main before the enterprise seam 1`] = `
[
  "/",
  "/*",
  "/:workspaceSlug",
  "/:workspaceSlug/accounts",
  "/:workspaceSlug/accounts/:id/allowed-origins/edit",
  "/:workspaceSlug/accounts/:id/callback-url/edit",
  "/:workspaceSlug/accounts/create",
  "/:workspaceSlug/accounts/import",
  "/:workspaceSlug/activities",
  "/:workspaceSlug/chatbot",
  "/:workspaceSlug/chatbot/:id",
  "/:workspaceSlug/chatbot/:id/clone",
  "/:workspaceSlug/chatbot/:id/edit",
  "/:workspaceSlug/chatbot/create",
  "/:workspaceSlug/conversations",
  "/:workspaceSlug/conversations/:id",
  "/:workspaceSlug/customer-tags",
  "/:workspaceSlug/customers/suggestions",
  "/:workspaceSlug/dashboard",
  "/:workspaceSlug/followups",
  "/:workspaceSlug/knowledge-base",
  "/:workspaceSlug/knowledge-base/:knowledgeBaseId/item/:id/edit",
  "/:workspaceSlug/knowledge-base/:knowledgeBaseId/item/create",
  "/:workspaceSlug/settings",
  "/:workspaceSlug/settings/client-credentials",
  "/:workspaceSlug/settings/members",
  "/:workspaceSlug/settings/members/:id/assign",
  "/:workspaceSlug/settings/members/invitations",
  "/:workspaceSlug/settings/members/join-requests",
  "/:workspaceSlug/settings/roles",
  "/:workspaceSlug/settings/roles/:id",
  "/:workspaceSlug/settings/roles/create",
  "/:workspaceSlug/settings/workspace/edit",
  "/:workspaceSlug/skills",
  "/:workspaceSlug/skills/:skillId/copy",
  "/:workspaceSlug/skills/:skillId/edit",
  "/:workspaceSlug/skills/browse",
  "/:workspaceSlug/skills/create",
  "/:workspaceSlug/tools",
  "/:workspaceSlug/tools/:toolId/edit",
  "/:workspaceSlug/tools/marketplace",
  "/:workspaceSlug/tools/marketplace/:slug",
  "/:workspaceSlug/tools/marketplace/callback",
  "/:workspaceSlug/tools/new",
  "/:workspaceSlug/tools/new/http",
  "/:workspaceSlug/tools/new/mcp",
  "/:workspaceSlug/usage",
  "/auth/:platform/callback",
  "/forgot-password",
  "/join",
  "/login",
  "/onboard",
  "/onboard/create",
  "/onboard/join",
  "/preview/:token",
  "/reset-password",
  "/settings/change-password",
  "/settings/preferences",
  "/settings/profile",
  "/settings/sessions",
  "/signup",
  "/verify-email",
  "/widget/:key",
]
`;
